// Jest Snapshot v1, https://goo.gl/fbAQLP

exports[`Comment Component renders the Comment Component 1`] = `
<div
  className="card p-3 comment"
>
  <div
    className="d-flex "
  >
    <img
      alt="profile"
      className="commenterImg"
      src="http://i.pravatar.cc/150?u=John"
    />
    <div>
      <span
        className="font-weight-bold text-secondary p-2"
      >
        John
      </span>
      <br />
      <span
        className="timestamp"
      >
        almost NaN years
         ago
      </span>
    </div>
  </div>
  <p
    className="text-secondary text-left my-4"
  />
  <div
    className="d-flex"
  >
    <div
      className="px-2"
    >
      <img
        alt="icon"
        src={Object {}}
      />
      <span>
        0
      </span>
    </div>
    <div
      className="px-2"
    >
      <img
        alt="icon"
        src={Object {}}
      />
      <span>
        0
      </span>
    </div>
  </div>
</div>
`;
